// Vitest Snapshot v1, https://vitest.dev/guide/snapshot.html

exports[`App > renders correctly 1`] = `
<div>
  Login
</div>
`;
